<?xml version="1.0" encoding="UTF-8"?>
<TestRun id="d133adf1-8241-4d78-bed1-a0ede03cdb30" name="Administrator@WIN-1BSGQQGHI96 2014-03-01 15:24:44" runUser="WIN-1BSGQQGHI96\Administrator" xmlns="http://microsoft.com/schemas/VisualStudio/TeamTest/2010">
  <TestSettings name="本地" id="183af1ab-0d3c-4326-b9de-81f77f86e3df">
    <Description>这些设置为本地测试运行的默认测试设置。</Description>
    <Deployment enabled="false" runDeploymentRoot="Administrator_WIN-1BSGQQGHI96 2014-03-01 15_24_44">
      <DeploymentItem filename="D:\Code\ClientManage\packages\Ninject.3.0.1.10\lib\net40\Ninject.dll" />
      <DeploymentItem filename="D:\Code\ClientManage\ClientManage.WebUI\bin\ClientManage.WebUI.dll" />
      <DeploymentItem filename="D:\Code\ClientManage\packages\EntityFramework.6.0.2\lib\net40\EntityFramework.SqlServer.dll" />
      <DeploymentItem filename="D:\Code\ClientManage\ClientManage.UnitTests\bin\Debug\EntityFramework.dll" />
      <DeploymentItem filename="D:\Code\ClientManage\packages\Moq.4.2.1402.2112\lib\net40\Moq.dll" />
      <DeploymentItem filename="D:\Code\ClientManage\ClientManage.Domain\bin\Debug\ClientManage.Domain.dll" />
    </Deployment>
    <Execution>
      <TestTypeSpecific />
      <AgentRule name="Execution Agents">
      </AgentRule>
    </Execution>
  </TestSettings>
  <Times creation="2014-03-01T15:24:44.6317999+08:00" queuing="2014-03-01T15:24:44.7568070+08:00" start="2014-03-01T15:24:44.7658075+08:00" finish="2014-03-01T15:24:45.1508295+08:00" />
  <ResultSummary outcome="Failed">
    <Counters total="1" executed="1" error="0" failed="1" timeout="0" aborted="0" inconclusive="0" passedButRunAborted="0" notRunnable="0" notExecuted="0" disconnected="0" warning="0" passed="0" completed="0" inProgress="0" pending="0" />
  </ResultSummary>
  <TestDefinitions>
    <UnitTest name="Cannot_Save_Invalid_Changes" storage="d:\code\clientmanage\clientmanage.unittests\bin\debug\clientmanage.unittests.dll" id="3e762bb7-2a5b-1b11-ff46-0f8ffb5bce71">
      <Execution id="8f2c46b7-750f-4246-97ac-bed1f9b6f820" />
      <TestMethod codeBase="D:/Code/ClientManage/ClientManage.UnitTests/bin/Debug/ClientManage.UnitTests.DLL" adapterTypeName="Microsoft.VisualStudio.TestTools.TestTypes.Unit.UnitTestAdapter, Microsoft.VisualStudio.QualityTools.Tips.UnitTest.Adapter, Version=10.0.0.0, Culture=neutral, PublicKeyToken=b03f5f7f11d50a3a" className="ClientManage.UnitTests.RolesControllerTest, ClientManage.UnitTests, Version=1.0.0.0, Culture=neutral, PublicKeyToken=null" name="Cannot_Save_Invalid_Changes" />
    </UnitTest>
  </TestDefinitions>
  <TestLists>
    <TestList name="列表中未列出的结果" id="8c84fa94-04c1-424b-9868-57a2d4851a1d" />
    <TestList name="所有已加载的结果" id="19431567-8539-422a-85d7-44ee4e166bda" />
  </TestLists>
  <TestEntries>
    <TestEntry testId="3e762bb7-2a5b-1b11-ff46-0f8ffb5bce71" executionId="8f2c46b7-750f-4246-97ac-bed1f9b6f820" testListId="8c84fa94-04c1-424b-9868-57a2d4851a1d" />
  </TestEntries>
  <Results>
    <UnitTestResult executionId="8f2c46b7-750f-4246-97ac-bed1f9b6f820" testId="3e762bb7-2a5b-1b11-ff46-0f8ffb5bce71" testName="Cannot_Save_Invalid_Changes" computerName="WIN-1BSGQQGHI96" duration="00:00:00.2196611" startTime="2014-03-01T15:24:44.7808084+08:00" endTime="2014-03-01T15:24:45.1388289+08:00" testType="13cdc9d9-ddb5-4fa4-a97d-d965ccfc6d4b" outcome="Failed" testListId="8c84fa94-04c1-424b-9868-57a2d4851a1d" relativeResultsDirectory="8f2c46b7-750f-4246-97ac-bed1f9b6f820">
      <Output>
        <ErrorInfo>
          <Message>Assert.IsNotInstanceOfType 失败。错误类型为: &lt;System.Web.Mvc.ViewResult&gt;，实际类型为: &lt;System.Web.Mvc.ViewResult&gt;。</Message>
          <StackTrace>   在 ClientManage.UnitTests.RolesControllerTest.Cannot_Save_Invalid_Changes() 位置 D:\Code\ClientManage\ClientManage.UnitTests\RolesControllerTest.cs:行号 233
</StackTrace>
        </ErrorInfo>
      </Output>
    </UnitTestResult>
  </Results>
</TestRun>